MSBuild version 17.8.43+f0cbb1397 for .NET
  Determining projects to restore...
  All projects are up-to-date for restore.
  TaxSummary.Domain -> E:\projects\tax_summary_employee_app\Backend\TaxSummary.Domain\bin\Debug\net8.0\TaxSummary.Domain.dll
  TaxSummary.Application -> E:\projects\tax_summary_employee_app\Backend\TaxSummary.Application\bin\Debug\net8.0\TaxSummary.Application.dll
E:\projects\tax_summary_employee_app\Backend\Tests\TaxSummary.Domain.Tests\Entities\AdministrativeStatusTests.cs(21,13): error CS1739: The best overload for 'Create' does not have a parameter named 'incentiveHours' [E:\projects\tax_summary_employee_app\Backend\Tests\TaxSummary.Domain.Tests\TaxSummary.Domain.Tests.csproj]
E:\projects\tax_summary_employee_app\Backend\Tests\TaxSummary.Domain.Tests\Entities\AdministrativeStatusTests.cs(31,16): error CS1061: 'AdministrativeStatus' does not contain a definition for 'IncentiveHours' and no accessible extension method 'IncentiveHours' accepting a first argument of type 'AdministrativeStatus' could be found (are you missing a using directive or an assembly reference?) [E:\projects\tax_summary_employee_app\Backend\Tests\TaxSummary.Domain.Tests\TaxSummary.Domain.Tests.csproj]
E:\projects\tax_summary_employee_app\Backend\Tests\TaxSummary.Domain.Tests\Entities\AdministrativeStatusTests.cs(42,13): error CS1739: The best overload for 'Create' does not have a parameter named 'incentiveHours' [E:\projects\tax_summary_employee_app\Backend\Tests\TaxSummary.Domain.Tests\TaxSummary.Domain.Tests.csproj]
E:\projects\tax_summary_employee_app\Backend\Tests\TaxSummary.Domain.Tests\Entities\AdministrativeStatusTests.cs(59,13): error CS1739: The best overload for 'Create' does not have a parameter named 'incentiveHours' [E:\projects\tax_summary_employee_app\Backend\Tests\TaxSummary.Domain.Tests\TaxSummary.Domain.Tests.csproj]
E:\projects\tax_summary_employee_app\Backend\Tests\TaxSummary.Domain.Tests\Entities\AdministrativeStatusTests.cs(76,13): error CS1739: The best overload for 'Create' does not have a parameter named 'incentiveHours' [E:\projects\tax_summary_employee_app\Backend\Tests\TaxSummary.Domain.Tests\TaxSummary.Domain.Tests.csproj]
E:\projects\tax_summary_employee_app\Backend\Tests\TaxSummary.Domain.Tests\Entities\AdministrativeStatusTests.cs(84,13): error CS1739: The best overload for 'UpdateStatus' does not have a parameter named 'incentiveHours' [E:\projects\tax_summary_employee_app\Backend\Tests\TaxSummary.Domain.Tests\TaxSummary.Domain.Tests.csproj]
E:\projects\tax_summary_employee_app\Backend\Tests\TaxSummary.Domain.Tests\Entities\AdministrativeStatusTests.cs(91,16): error CS1061: 'AdministrativeStatus' does not contain a definition for 'IncentiveHours' and no accessible extension method 'IncentiveHours' accepting a first argument of type 'AdministrativeStatus' could be found (are you missing a using directive or an assembly reference?) [E:\projects\tax_summary_employee_app\Backend\Tests\TaxSummary.Domain.Tests\TaxSummary.Domain.Tests.csproj]
E:\projects\tax_summary_employee_app\Backend\Tests\TaxSummary.Domain.Tests\Entities\AdministrativeStatusTests.cs(104,13): error CS1739: The best overload for 'Create' does not have a parameter named 'incentiveHours' [E:\projects\tax_summary_employee_app\Backend\Tests\TaxSummary.Domain.Tests\TaxSummary.Domain.Tests.csproj]
E:\projects\tax_summary_employee_app\Backend\Tests\TaxSummary.Domain.Tests\Entities\AdministrativeStatusTests.cs(123,13): error CS1739: The best overload for 'Create' does not have a parameter named 'incentiveHours' [E:\projects\tax_summary_employee_app\Backend\Tests\TaxSummary.Domain.Tests\TaxSummary.Domain.Tests.csproj]
E:\projects\tax_summary_employee_app\Backend\Tests\TaxSummary.Domain.Tests\Entities\AdministrativeStatusTests.cs(142,13): error CS1739: The best overload for 'Create' does not have a parameter named 'incentiveHours' [E:\projects\tax_summary_employee_app\Backend\Tests\TaxSummary.Domain.Tests\TaxSummary.Domain.Tests.csproj]
E:\projects\tax_summary_employee_app\Backend\Tests\TaxSummary.Domain.Tests\Entities\AdministrativeStatusTests.cs(161,13): error CS1739: The best overload for 'Create' does not have a parameter named 'incentiveHours' [E:\projects\tax_summary_employee_app\Backend\Tests\TaxSummary.Domain.Tests\TaxSummary.Domain.Tests.csproj]
E:\projects\tax_summary_employee_app\Backend\Tests\TaxSummary.Domain.Tests\Entities\EmployeeTests.cs(217,13): error CS1739: The best overload for 'Create' does not have a parameter named 'incentiveHours' [E:\projects\tax_summary_employee_app\Backend\Tests\TaxSummary.Domain.Tests\TaxSummary.Domain.Tests.csproj]
E:\projects\tax_summary_employee_app\Backend\Tests\TaxSummary.Domain.Tests\Entities\PerformanceCapabilityTests.cs(389,20): error CS7036: There is no argument given that corresponds to the required parameter 'companyIdentificationUndetectedQuantity' of 'PerformanceCapability.UpdateAllCapabilityMetrics(int, decimal, int, decimal, int, decimal, int, int, decimal, int, int, decimal, int, int, decimal, int, int, decimal)' [E:\projects\tax_summary_employee_app\Backend\Tests\TaxSummary.Domain.Tests\TaxSummary.Domain.Tests.csproj]
  TaxSummary.Infrastructure -> E:\projects\tax_summary_employee_app\Backend\TaxSummary.Infrastructure\bin\Debug\net8.0\TaxSummary.Infrastructure.dll
  TaxSummary.Api -> E:\projects\tax_summary_employee_app\Backend\TaxSummary.Api\bin\Debug\net8.0\TaxSummary.Api.dll

Build FAILED.

E:\projects\tax_summary_employee_app\Backend\Tests\TaxSummary.Domain.Tests\Entities\AdministrativeStatusTests.cs(21,13): error CS1739: The best overload for 'Create' does not have a parameter named 'incentiveHours' [E:\projects\tax_summary_employee_app\Backend\Tests\TaxSummary.Domain.Tests\TaxSummary.Domain.Tests.csproj]
E:\projects\tax_summary_employee_app\Backend\Tests\TaxSummary.Domain.Tests\Entities\AdministrativeStatusTests.cs(31,16): error CS1061: 'AdministrativeStatus' does not contain a definition for 'IncentiveHours' and no accessible extension method 'IncentiveHours' accepting a first argument of type 'AdministrativeStatus' could be found (are you missing a using directive or an assembly reference?) [E:\projects\tax_summary_employee_app\Backend\Tests\TaxSummary.Domain.Tests\TaxSummary.Domain.Tests.csproj]
E:\projects\tax_summary_employee_app\Backend\Tests\TaxSummary.Domain.Tests\Entities\AdministrativeStatusTests.cs(42,13): error CS1739: The best overload for 'Create' does not have a parameter named 'incentiveHours' [E:\projects\tax_summary_employee_app\Backend\Tests\TaxSummary.Domain.Tests\TaxSummary.Domain.Tests.csproj]
E:\projects\tax_summary_employee_app\Backend\Tests\TaxSummary.Domain.Tests\Entities\AdministrativeStatusTests.cs(59,13): error CS1739: The best overload for 'Create' does not have a parameter named 'incentiveHours' [E:\projects\tax_summary_employee_app\Backend\Tests\TaxSummary.Domain.Tests\TaxSummary.Domain.Tests.csproj]
E:\projects\tax_summary_employee_app\Backend\Tests\TaxSummary.Domain.Tests\Entities\AdministrativeStatusTests.cs(76,13): error CS1739: The best overload for 'Create' does not have a parameter named 'incentiveHours' [E:\projects\tax_summary_employee_app\Backend\Tests\TaxSummary.Domain.Tests\TaxSummary.Domain.Tests.csproj]
E:\projects\tax_summary_employee_app\Backend\Tests\TaxSummary.Domain.Tests\Entities\AdministrativeStatusTests.cs(84,13): error CS1739: The best overload for 'UpdateStatus' does not have a parameter named 'incentiveHours' [E:\projects\tax_summary_employee_app\Backend\Tests\TaxSummary.Domain.Tests\TaxSummary.Domain.Tests.csproj]
E:\projects\tax_summary_employee_app\Backend\Tests\TaxSummary.Domain.Tests\Entities\AdministrativeStatusTests.cs(91,16): error CS1061: 'AdministrativeStatus' does not contain a definition for 'IncentiveHours' and no accessible extension method 'IncentiveHours' accepting a first argument of type 'AdministrativeStatus' could be found (are you missing a using directive or an assembly reference?) [E:\projects\tax_summary_employee_app\Backend\Tests\TaxSummary.Domain.Tests\TaxSummary.Domain.Tests.csproj]
E:\projects\tax_summary_employee_app\Backend\Tests\TaxSummary.Domain.Tests\Entities\AdministrativeStatusTests.cs(104,13): error CS1739: The best overload for 'Create' does not have a parameter named 'incentiveHours' [E:\projects\tax_summary_employee_app\Backend\Tests\TaxSummary.Domain.Tests\TaxSummary.Domain.Tests.csproj]
E:\projects\tax_summary_employee_app\Backend\Tests\TaxSummary.Domain.Tests\Entities\AdministrativeStatusTests.cs(123,13): error CS1739: The best overload for 'Create' does not have a parameter named 'incentiveHours' [E:\projects\tax_summary_employee_app\Backend\Tests\TaxSummary.Domain.Tests\TaxSummary.Domain.Tests.csproj]
E:\projects\tax_summary_employee_app\Backend\Tests\TaxSummary.Domain.Tests\Entities\AdministrativeStatusTests.cs(142,13): error CS1739: The best overload for 'Create' does not have a parameter named 'incentiveHours' [E:\projects\tax_summary_employee_app\Backend\Tests\TaxSummary.Domain.Tests\TaxSummary.Domain.Tests.csproj]
E:\projects\tax_summary_employee_app\Backend\Tests\TaxSummary.Domain.Tests\Entities\AdministrativeStatusTests.cs(161,13): error CS1739: The best overload for 'Create' does not have a parameter named 'incentiveHours' [E:\projects\tax_summary_employee_app\Backend\Tests\TaxSummary.Domain.Tests\TaxSummary.Domain.Tests.csproj]
E:\projects\tax_summary_employee_app\Backend\Tests\TaxSummary.Domain.Tests\Entities\EmployeeTests.cs(217,13): error CS1739: The best overload for 'Create' does not have a parameter named 'incentiveHours' [E:\projects\tax_summary_employee_app\Backend\Tests\TaxSummary.Domain.Tests\TaxSummary.Domain.Tests.csproj]
E:\projects\tax_summary_employee_app\Backend\Tests\TaxSummary.Domain.Tests\Entities\PerformanceCapabilityTests.cs(389,20): error CS7036: There is no argument given that corresponds to the required parameter 'companyIdentificationUndetectedQuantity' of 'PerformanceCapability.UpdateAllCapabilityMetrics(int, decimal, int, decimal, int, decimal, int, int, decimal, int, int, decimal, int, int, decimal, int, int, decimal)' [E:\projects\tax_summary_employee_app\Backend\Tests\TaxSummary.Domain.Tests\TaxSummary.Domain.Tests.csproj]
    0 Warning(s)
    13 Error(s)

Time Elapsed 00:00:02.42
